[1/2] Processing file /tmp/clay-remesh-profile/baseline_topology_ops.cpp.
60 warnings generated.
[2/2] Processing file /tmp/clay-remesh-profile/baseline_remesh_local.cpp.
123 warnings generated.
/tmp/clay-remesh-profile/baseline_remesh_local.cpp:10:14: warning: function 'default_timing' has cognitive complexity of 1 (threshold 0) [readability-function-cognitive-complexity]
   10 | RemeshTiming default_timing(MeshBrush verb) {
      |              ^
/tmp/clay-remesh-profile/baseline_remesh_local.cpp:65:15: warning: function 'blockers_for' has cognitive complexity of 3 (threshold 0) [readability-function-cognitive-complexity]
   65 | std::uint32_t blockers_for(const DynamicTopologySettings& s) {
      |               ^
/tmp/clay-remesh-profile/baseline_remesh_local.cpp:80:6: warning: function 'gather_edges' has cognitive complexity of 21 (threshold 0) [readability-function-cognitive-complexity]
   80 | void gather_edges(const DynamicSurface& surface, DynamicBvh* bvh, kernel::cfloat3 centre,
      |      ^
/tmp/clay-remesh-profile/baseline_remesh_local.cpp:88:39: warning: lambda has cognitive complexity of 4 (threshold 0) [readability-function-cognitive-complexity]
   88 |         surface.faces().for_each_live([&](FaceId f, const DynamicFace&) {
      |                                       ^
/tmp/clay-remesh-profile/baseline_remesh_local.cpp:114:6: warning: function 'feed_index' has cognitive complexity of 6 (threshold 0) [readability-function-cognitive-complexity]
  114 | void feed_index(DynamicSurface& surface, DynamicBvh* bvh, const FaceId* faces, int count) {
      |      ^
/tmp/clay-remesh-profile/baseline_remesh_local.cpp:123:6: warning: function 'count_refusal' has cognitive complexity of 1 (threshold 0) [readability-function-cognitive-complexity]
  123 | void count_refusal(TopologyResult r, RemeshStats* stats) {
      |      ^
/tmp/clay-remesh-profile/baseline_remesh_local.cpp:144:13: warning: function 'remesh_region' has cognitive complexity of 132 (threshold 0) [readability-function-cognitive-complexity]
  144 | RemeshStats remesh_region(DynamicSurface& surface, DynamicBvh* bvh, kernel::cfloat3 centre,
      |             ^
/tmp/clay-remesh-profile/baseline_remesh_local.cpp:303:13: warning: function 'relax_region' has cognitive complexity of 45 (threshold 0) [readability-function-cognitive-complexity]
  303 | std::size_t relax_region(DynamicSurface& surface, DynamicBvh* bvh, kernel::cfloat3 centre,
      |             ^
/tmp/clay-remesh-profile/baseline_topology_ops.cpp:13:17: warning: function 'lerp3' has cognitive complexity of 2 (threshold 0) [readability-function-cognitive-complexity]
   13 | kernel::cfloat3 lerp3(kernel::cfloat3 a, kernel::cfloat3 b, float t) {
      |                 ^
/tmp/clay-remesh-profile/baseline_topology_ops.cpp:22:17: warning: function 'lerp2' has cognitive complexity of 2 (threshold 0) [readability-function-cognitive-complexity]
   22 | kernel::cfloat2 lerp2(kernel::cfloat2 a, kernel::cfloat2 b, float t) {
      |                 ^
/tmp/clay-remesh-profile/baseline_topology_ops.cpp:28:7: warning: function 'lerp1' has cognitive complexity of 2 (threshold 0) [readability-function-cognitive-complexity]
   28 | float lerp1(float a, float b, float t) {
      |       ^
/tmp/clay-remesh-profile/baseline_topology_ops.cpp:36:7: warning: function 'min_angle' has cognitive complexity of 3 (threshold 0) [readability-function-cognitive-complexity]
   36 | float min_angle(kernel::cfloat3 a, kernel::cfloat3 b, kernel::cfloat3 c) {
      |       ^
/tmp/clay-remesh-profile/baseline_topology_ops.cpp:37:21: warning: lambda has cognitive complexity of 2 (threshold 0) [readability-function-cognitive-complexity]
   37 |     auto angle_at = [](kernel::cfloat3 p, kernel::cfloat3 q, kernel::cfloat3 r) {
      |                     ^
/tmp/clay-remesh-profile/baseline_topology_ops.cpp:50:17: warning: function 'triangle_normal' has cognitive complexity of 1 (threshold 0) [readability-function-cognitive-complexity]
   50 | kernel::cfloat3 triangle_normal(kernel::cfloat3 a, kernel::cfloat3 b, kernel::cfloat3 c) {
      |                 ^
/tmp/clay-remesh-profile/baseline_topology_ops.cpp:73:10: warning: function 'note' has cognitive complexity of 2 (threshold 0) [readability-function-cognitive-complexity]
   73 |     void note(VertexId id) {
      |          ^
/tmp/clay-remesh-profile/baseline_topology_ops.cpp:78:10: warning: function 'note' has cognitive complexity of 2 (threshold 0) [readability-function-cognitive-complexity]
   78 |     void note(HalfEdgeId id) {
      |          ^
/tmp/clay-remesh-profile/baseline_topology_ops.cpp:83:10: warning: function 'note' has cognitive complexity of 2 (threshold 0) [readability-function-cognitive-complexity]
   83 |     void note(EdgeId id) {
      |          ^
/tmp/clay-remesh-profile/baseline_topology_ops.cpp:88:10: warning: function 'note' has cognitive complexity of 2 (threshold 0) [readability-function-cognitive-complexity]
   88 |     void note(FaceId id) {
      |          ^
/tmp/clay-remesh-profile/baseline_topology_ops.cpp:97:10: warning: function 'note_new' has cognitive complexity of 2 (threshold 0) [readability-function-cognitive-complexity]
   97 |     void note_new(VertexId id) {
      |          ^
/tmp/clay-remesh-profile/baseline_topology_ops.cpp:102:10: warning: function 'note_new' has cognitive complexity of 2 (threshold 0) [readability-function-cognitive-complexity]
  102 |     void note_new(HalfEdgeId id) {
      |          ^
/tmp/clay-remesh-profile/baseline_topology_ops.cpp:107:10: warning: function 'note_new' has cognitive complexity of 2 (threshold 0) [readability-function-cognitive-complexity]
  107 |     void note_new(EdgeId id) {
      |          ^
/tmp/clay-remesh-profile/baseline_topology_ops.cpp:112:10: warning: function 'note_new' has cognitive complexity of 2 (threshold 0) [readability-function-cognitive-complexity]
  112 |     void note_new(FaceId id) {
      |          ^
/tmp/clay-remesh-profile/baseline_topology_ops.cpp:119:10: warning: function 'sync_all' has cognitive complexity of 5 (threshold 0) [readability-function-cognitive-complexity]
  119 |     void sync_all() {
      |          ^
/tmp/clay-remesh-profile/baseline_topology_ops.cpp:126:10: warning: function 'sync' has cognitive complexity of 1 (threshold 0) [readability-function-cognitive-complexity]
  126 |     void sync(VertexId id) {
      |          ^
/tmp/clay-remesh-profile/baseline_topology_ops.cpp:129:10: warning: function 'sync' has cognitive complexity of 1 (threshold 0) [readability-function-cognitive-complexity]
  129 |     void sync(HalfEdgeId id) {
      |          ^
/tmp/clay-remesh-profile/baseline_topology_ops.cpp:132:10: warning: function 'sync' has cognitive complexity of 1 (threshold 0) [readability-function-cognitive-complexity]
  132 |     void sync(EdgeId id) {
      |          ^
/tmp/clay-remesh-profile/baseline_topology_ops.cpp:135:10: warning: function 'sync' has cognitive complexity of 1 (threshold 0) [readability-function-cognitive-complexity]
  135 |     void sync(FaceId id) {
      |          ^
/tmp/clay-remesh-profile/baseline_topology_ops.cpp:145:12: warning: function 'boundary_predecessor' has cognitive complexity of 5 (threshold 0) [readability-function-cognitive-complexity]
  145 | HalfEdgeId boundary_predecessor(const DynamicSurface& s, HalfEdgeId ghost) {
      |            ^
/tmp/clay-remesh-profile/baseline_topology_ops.cpp:165:6: warning: function 'reseat_outgoing' has cognitive complexity of 18 (threshold 0) [readability-function-cognitive-complexity]
  165 | void reseat_outgoing(DynamicSurface& s, VertexId v, const std::vector<HalfEdgeId>& candidates) {
      |      ^
/tmp/clay-remesh-profile/baseline_topology_ops.cpp:193:7: warning: function 'edge_pair_quality' has cognitive complexity of 5 (threshold 0) [readability-function-cognitive-complexity]
  193 | float edge_pair_quality(const DynamicSurface& surface, EdgeId edge) {
      |       ^
/tmp/clay-remesh-profile/baseline_topology_ops.cpp:211:13: warning: function 'split_edge' has cognitive complexity of 38 (threshold 0) [readability-function-cognitive-complexity]
  211 | SplitResult split_edge(DynamicSurface& surface, EdgeId edge, float t,
      |             ^
/tmp/clay-remesh-profile/baseline_topology_ops.cpp:526:16: warning: function 'collapse_link_refusal' has cognitive complexity of 18 (threshold 0) [readability-function-cognitive-complexity]
  526 | TopologyResult collapse_link_refusal(const DynamicSurface& surface, HalfEdgeId h0, HalfEdgeId h1,
      |                ^
/tmp/clay-remesh-profile/baseline_topology_ops.cpp:566:16: warning: function 'collapse_duplicate_face_refusal' has cognitive complexity of 26 (threshold 0) [readability-function-cognitive-complexity]
  566 | TopologyResult collapse_duplicate_face_refusal(const DynamicSurface& surface, HalfEdgeId h0,
      |                ^
/tmp/clay-remesh-profile/baseline_topology_ops.cpp:611:15: warning: function 'pinning_constraints' has cognitive complexity of 4 (threshold 0) [readability-function-cognitive-complexity]
  611 | std::uint32_t pinning_constraints(const DynamicSurface& surface, VertexId v) {
      |               ^
/tmp/clay-remesh-profile/baseline_topology_ops.cpp:634:16: warning: function 'collapse_target' has cognitive complexity of 7 (threshold 0) [readability-function-cognitive-complexity]
  634 | TopologyResult collapse_target(const DynamicSurface& surface, EdgeId edge, VertexId v0, VertexId v1,
      |                ^
/tmp/clay-remesh-profile/baseline_topology_ops.cpp:660:16: warning: function 'collapse_geometric_refusal' has cognitive complexity of 33 (threshold 0) [readability-function-cognitive-complexity]
  660 | TopologyResult collapse_geometric_refusal(const DynamicSurface& surface, HalfEdgeId h0,
      |                ^
/tmp/clay-remesh-profile/baseline_topology_ops.cpp:675:21: warning: lambda has cognitive complexity of 3 (threshold 0) [readability-function-cognitive-complexity]
  675 |     auto is_dying = [&](FaceId f) {
      |                     ^
/tmp/clay-remesh-profile/baseline_topology_ops.cpp:702:16: warning: function 'plan_collapse' has cognitive complexity of 15 (threshold 0) [readability-function-cognitive-complexity]
  702 | TopologyResult plan_collapse(const DynamicSurface& surface, EdgeId edge,
      |                ^
/tmp/clay-remesh-profile/baseline_topology_ops.cpp:754:16: warning: function 'collapse_edge' has cognitive complexity of 39 (threshold 0) [readability-function-cognitive-complexity]
  754 | CollapseResult collapse_edge(DynamicSurface& surface, EdgeId edge,
      |                ^
/tmp/clay-remesh-profile/baseline_topology_ops.cpp:905:12: warning: function 'flip_edge' has cognitive complexity of 24 (threshold 0) [readability-function-cognitive-complexity]
  905 | FlipResult flip_edge(DynamicSurface& surface, EdgeId edge, const TopologyOpOptions& options,
      |            ^
include/clay/field/volume.h:174:10: warning: function 'set_sample_lipschitz' has cognitive complexity of 1 (threshold 0) [readability-function-cognitive-complexity]
  174 |     void set_sample_lipschitz(float v) { sample_lipschitz_ = v > 1.0f ? v : 1.0f; }
      |          ^
include/clay/field/volume.h:183:10: warning: function 'set_feather' has cognitive complexity of 1 (threshold 0) [readability-function-cognitive-complexity]
  183 |     void set_feather(float v) { feather_ = v > 0.0f ? v : 0.0f; }
      |          ^
include/clay/kernel/shim.h:111:15: warning: function 'cmin' has cognitive complexity of 1 (threshold 0) [readability-function-cognitive-complexity]
  111 | CLAY_FN float cmin(float a, float b) { return a < b ? a : b; }
      |               ^
include/clay/kernel/shim.h:112:15: warning: function 'cmax' has cognitive complexity of 1 (threshold 0) [readability-function-cognitive-complexity]
  112 | CLAY_FN float cmax(float a, float b) { return a > b ? a : b; }
      |               ^
include/clay/kernel/shim.h:115:15: warning: function 'csign' has cognitive complexity of 3 (threshold 0) [readability-function-cognitive-complexity]
  115 | CLAY_FN float csign(float v) { return (v > 0.0f) ? 1.0f : ((v < 0.0f) ? -1.0f : 0.0f); }
      |               ^
include/clay/math/geom.h:29:10: warning: function 'empty' has cognitive complexity of 1 (threshold 0) [readability-function-cognitive-complexity]
   29 |     bool empty() const { return min.x > max.x || min.y > max.y || min.z > max.z; }
      |          ^
include/clay/math/geom.h:30:10: warning: function 'is_infinite' has cognitive complexity of 2 (threshold 0) [readability-function-cognitive-complexity]
   30 |     bool is_infinite() const { return !empty() && (min.x == -FLT_MAX || max.x == FLT_MAX); }
      |          ^
include/clay/math/geom.h:39:10: warning: function 'expand' has cognitive complexity of 1 (threshold 0) [readability-function-cognitive-complexity]
   39 |     void expand(const Aabb& b) {
      |          ^
include/clay/math/geom.h:45:10: warning: function 'dilated' has cognitive complexity of 1 (threshold 0) [readability-function-cognitive-complexity]
   45 |     Aabb dilated(float r) const {
      |          ^
include/clay/math/geom.h:50:10: warning: function 'intersects' has cognitive complexity of 3 (threshold 0) [readability-function-cognitive-complexity]
   50 |     bool intersects(const Aabb& b) const {
      |          ^
include/clay/math/geom.h:56:10: warning: function 'contains' has cognitive complexity of 1 (threshold 0) [readability-function-cognitive-complexity]
   56 |     bool contains(cfloat3 p) const {
      |          ^
include/clay/math/geom.h:68:10: warning: function 'transformed' has cognitive complexity of 9 (threshold 0) [readability-function-cognitive-complexity]
   68 |     Aabb transformed(const cfloat4x4& m) const {
      |          ^
include/clay/math/geom.h:87:13: warning: function 'ray_aabb' has cognitive complexity of 12 (threshold 0) [readability-function-cognitive-complexity]
   87 | inline bool ray_aabb(const Ray& r, const Aabb& b, float* t0, float* t1) {
      |             ^
include/clay/math/geom.h:127:10: warning: function 'intersects' has cognitive complexity of 10 (threshold 0) [readability-function-cognitive-complexity]
  127 |     bool intersects(const Aabb& b) const {
      |          ^
include/clay/memory/budget.h:248:5: warning: function '~MemoryPin' has cognitive complexity of 2 (threshold 0) [readability-function-cognitive-complexity]
  248 |     ~MemoryPin() {
      |     ^
include/clay/memory/budget.h:260:13: warning: function 'trim_blocked' has cognitive complexity of 1 (threshold 0) [readability-function-cognitive-complexity]
  260 | inline bool trim_blocked(const TrimGate* gate) { return gate != nullptr && gate->pinned(); }
      |             ^
include/clay/mesh/adjacency.h:63:17: warning: function 'class_count' has cognitive complexity of 1 (threshold 0) [readability-function-cognitive-complexity]
   63 |     std::size_t class_count() const {
      |                 ^
include/clay/mesh/adjacency.h:92:10: warning: function 'matches' has cognitive complexity of 1 (threshold 0) [readability-function-cognitive-complexity]
   92 |     bool matches(const Mesh& m) const {
      |          ^
include/clay/mesh/automask.h:127:10: warning: function 'empty' has cognitive complexity of 1 (threshold 0) [readability-function-cognitive-complexity]
  127 |     bool empty() const { return !cavity && !group; }
      |          ^
include/clay/mesh/brush_arena.h:82:10: warning: function 'push_back' has cognitive complexity of 1 (threshold 0) [readability-function-cognitive-complexity]
   82 |     bool push_back(const T& value) {
      |          ^
include/clay/mesh/brush_arena.h:113:10: warning: function 'assign_all' has cognitive complexity of 1 (threshold 0) [readability-function-cognitive-complexity]
  113 |     void assign_all(const T& value) {
      |          ^
include/clay/mesh/brush_arena.h:155:8: warning: function 'allocate' has cognitive complexity of 1 (threshold 0) [readability-function-cognitive-complexity]
  155 |     T* allocate(std::size_t count) {
      |        ^
include/clay/mesh/cross_level.h:141:21: warning: function 'position' has cognitive complexity of 1 (threshold 0) [readability-function-cognitive-complexity]
  141 |     kernel::cfloat3 position(const std::vector<kernel::cfloat3>& own,
      |                     ^
include/clay/mesh/cross_level.h:170:33: warning: function 'span' has cognitive complexity of 1 (threshold 0) [readability-function-cognitive-complexity]
  170 |     static const std::uint32_t* span(const std::vector<std::uint32_t>& offsets,
      |                                 ^
include/clay/mesh/remesh_local.h:98:11: warning: function 'target_for' has cognitive complexity of 3 (threshold 0) [readability-function-cognitive-complexity]
   98 |     float target_for(float brush_radius) const {
      |           ^
include/clay/mesh/sculpt_common.h:260:10: warning: function 'has_alpha' has cognitive complexity of 1 (threshold 0) [readability-function-cognitive-complexity]
  260 |     bool has_alpha() const { return alpha != nullptr && alpha_width >= 2 && alpha_height >= 2; }
      |          ^
include/clay/mesh/sculpt_common.h:316:10: warning: function 'add' has cognitive complexity of 1 (threshold 0) [readability-function-cognitive-complexity]
  316 |     void add(SculptStage stage, std::uint64_t ns) {
      |          ^
include/clay/mesh/sculpt_common.h:385:13: warning: function 'count' has cognitive complexity of 1 (threshold 0) [readability-function-cognitive-complexity]
  385 | inline void count(SculptCounters* counters, std::uint64_t SculptCounters::*field,
      |             ^
include/clay/mesh/sculpt_common.h:395:5: warning: function 'StageTimer' has cognitive complexity of 1 (threshold 0) [readability-function-cognitive-complexity]
  395 |     StageTimer(StageTelemetry* telemetry, SculptStage stage)
      |     ^
include/clay/mesh/sculpt_common.h:402:10: warning: function 'stop' has cognitive complexity of 1 (threshold 0) [readability-function-cognitive-complexity]
  402 |     void stop() {
      |          ^
include/clay/mesh/slot_pool.h:60:17: warning: function 'operator==' has cognitive complexity of 1 (threshold 0) [readability-function-cognitive-complexity]
   60 |     friend bool operator==(const SlotId& a, const SlotId& b) {
      |                 ^
include/clay/mesh/slot_pool.h:94:8: warning: function 'create' has cognitive complexity of 3 (threshold 0) [readability-function-cognitive-complexity]
   94 |     Id create(const T& value) {
      |        ^
include/clay/mesh/slot_pool.h:115:10: warning: function 'erase' has cognitive complexity of 1 (threshold 0) [readability-function-cognitive-complexity]
  115 |     bool erase(Id id) {
      |          ^
include/clay/mesh/slot_pool.h:129:10: warning: function 'live' has cognitive complexity of 1 (threshold 0) [readability-function-cognitive-complexity]
  129 |     bool live(Id id) const {
      |          ^
include/clay/mesh/slot_pool.h:134:8: warning: function 'get' has cognitive complexity of 1 (threshold 0) [readability-function-cognitive-complexity]
  134 |     T* get(Id id) { return live(id) ? &slots_[id.slot].value : nullptr; }
      |        ^
include/clay/mesh/slot_pool.h:135:14: warning: function 'get' has cognitive complexity of 1 (threshold 0) [readability-function-cognitive-complexity]
  135 |     const T* get(Id id) const { return live(id) ? &slots_[id.slot].value : nullptr; }
      |              ^
include/clay/mesh/slot_pool.h:146:8: warning: function 'id_at' has cognitive complexity of 2 (threshold 0) [readability-function-cognitive-complexity]
  146 |     Id id_at(std::uint32_t slot) const {
      |        ^
include/clay/mesh/slot_pool.h:151:10: warning: function 'live_at' has cognitive complexity of 1 (threshold 0) [readability-function-cognitive-complexity]
  151 |     bool live_at(std::uint32_t slot) const { return slot < slots_.size() && slots_[slot].live; }
      |          ^
include/clay/mesh/slot_pool.h:165:10: warning: function 'free_list_intact' has cognitive complexity of 10 (threshold 0) [readability-function-cognitive-complexity]
  165 |     bool free_list_intact(std::size_t* out_visited = nullptr, bool* out_cycle = nullptr,
      |          ^
include/clay/mesh/slot_pool.h:193:10: warning: function 'for_each_live' has cognitive complexity of 3 (threshold 0) [readability-function-cognitive-complexity]
  193 |     void for_each_live(Fn&& fn) const {
      |          ^
include/clay/mesh/slot_pool.h:198:10: warning: function 'for_each_live_mutable' has cognitive complexity of 3 (threshold 0) [readability-function-cognitive-complexity]
  198 |     void for_each_live_mutable(Fn&& fn) {
      |          ^
include/clay/mesh/slot_pool.h:227:10: warning: function 'restore' has cognitive complexity of 3 (threshold 0) [readability-function-cognitive-complexity]
  227 |     bool restore(Id id, const T& value) {
      |          ^
include/clay/mesh/slot_pool.h:245:10: warning: function 'retire' has cognitive complexity of 3 (threshold 0) [readability-function-cognitive-complexity]
  245 |     bool retire(Id id) {
      |          ^
include/clay/mesh/slot_pool.h:276:10: warning: function 'rebuild_free_list' has cognitive complexity of 3 (threshold 0) [readability-function-cognitive-complexity]
  276 |     void rebuild_free_list() {
      |          ^
include/clay/mesh/slot_pool.h:290:10: warning: function 'ensure_slots' has cognitive complexity of 1 (threshold 0) [readability-function-cognitive-complexity]
  290 |     void ensure_slots(std::size_t count) {
      |          ^
include/clay/mesh/slot_pool.h:320:10: warning: function 'decode_finish' has cognitive complexity of 3 (threshold 0) [readability-function-cognitive-complexity]
  320 |     void decode_finish() {
      |          ^
include/clay/mesh/surface_chunks.h:184:10: warning: function 'operator==' has cognitive complexity of 1 (threshold 0) [readability-function-cognitive-complexity]
  184 |     bool operator==(const ChunkRevisions& o) const {
      |          ^
include/clay/mesh/topology_delta.h:91:10: warning: function 'empty' has cognitive complexity of 1 (threshold 0) [readability-function-cognitive-complexity]
   91 |     bool empty() const {
      |          ^
include/clay/mesh/work_item.h:89:17: warning: function 'operator<' has cognitive complexity of 1 (threshold 0) [readability-function-cognitive-complexity]
   89 |     friend bool operator<(WorkItemId a, WorkItemId b) {
      |                 ^
include/clay/parallel/cancel.h:118:14: warning: function 'progress' has cognitive complexity of 1 (threshold 0) [readability-function-cognitive-complexity]
  118 |     Progress progress() const {
      |              ^
include/clay/parallel/cancel.h:143:13: warning: function 'cancelled' has cognitive complexity of 1 (threshold 0) [readability-function-cognitive-complexity]
  143 | inline bool cancelled(const CancelToken* token) {
      |             ^
include/clay/parallel/cancel.h:151:5: warning: function 'ProgressScope' has cognitive complexity of 1 (threshold 0) [readability-function-cognitive-complexity]
  151 |     ProgressScope(CancelToken* token, std::uint32_t phase_count) : token_(token) {
      |     ^
include/clay/parallel/cancel.h:154:5: warning: function '~ProgressScope' has cognitive complexity of 1 (threshold 0) [readability-function-cognitive-complexity]
  154 |     ~ProgressScope() {
      |     ^
include/clay/parallel/cancel.h:160:10: warning: function 'phase' has cognitive complexity of 1 (threshold 0) [readability-function-cognitive-complexity]
  160 |     void phase(std::uint32_t index, std::uint64_t total = 0) {
      |          ^
include/clay/parallel/cancel.h:163:10: warning: function 'advance' has cognitive complexity of 1 (threshold 0) [readability-function-cognitive-complexity]
  163 |     void advance(std::uint64_t done, float fraction) {
      |          ^
