# bench_extreme_poly: the 7.1 matrix with 7.2's separable stages
# `stage breakdown` is the library's own per-stage timing inside
#   MeshSculptor::stamp (mesh::StageTelemetry). No clock is read when the
#   telemetry pointer is null, which is what let 7.2's remaining stages be
#   timed without perturbing a stamp outside this program.
# spacing 0.0100, 20 repetitions per cell after 4 warm-up stamps
== 100000 vertices ==============================================
  adaptive surface: 99856 vertices, 198450 faces, 2048 chunks, setup 1.36 s, rss 86 MB
OPS 0 20 7 10 269 0 0 126 0
OPS 1 3 852 73 243 0 0 217 0
OPS 2 9 1038 86 238 0 0 235 0
OPS 3 4 1347 126 237 0 3 254 0
OPS 4 4 910 72 256 0 0 217 0
OPS 5 5 11 5 269 0 0 154 0
OPS 6 10 9 6 243 0 0 153 0
OPS 7 7 9 6 236 0 0 163 0
OPS 8 4 9 6 236 0 0 189 0
OPS 9 8 8 4 251 0 0 154 0
OPS 10 13 6 9 279 0 0 228 0
OPS 11 10 9 9 245 0 0 157 0
OPS 12 15 5 10 246 0 0 211 0
OPS 13 18 8 13 246 0 0 202 0
OPS 14 18 8 13 259 0 0 187 0
OPS 15 17 7 6 288 0 0 222 0
OPS 16 15 5 7 254 0 0 213 0
OPS 17 23 8 21 264 0 0 236 0
OPS 18 9 4 8 251 0 0 170 0
OPS 19 27 22 13 259 0 0 146 0
    footprint   1000  dirty chunks    26  upload    104.0 KB  topology ops 5024
      stamp+remesh*  p50  17461.28  p95  48257.01  p99  48257.01  max  63483.71  mean  23676.91 us
        stage breakdown (mean us/stamp, 20 reps):
          query      1294.229  ( 5.4%)
          snapshot      0.185  ( 0.0%)
          kernel        1.236  ( 0.0%)
          writeback   937.217  ( 3.9%)
          normals     437.874  ( 1.8%)
          topology   21438.743  (88.9%)
      readback       p50    239.79  p95    425.28  p99    425.28  max    898.55  mean    274.24 us

# peak rss 44 MB
