# bench_extreme_poly: the 7.1 matrix with 7.2's separable stages
# `stage breakdown` is the library's own per-stage timing inside
#   MeshSculptor::stamp (mesh::StageTelemetry). No clock is read when the
#   telemetry pointer is null, which is what let 7.2's remaining stages be
#   timed without perturbing a stamp outside this program.
# spacing 0.0100, 20 repetitions per cell after 4 warm-up stamps
== 100000 vertices ==============================================
  adaptive surface: 99856 vertices, 198450 faces, 2048 chunks, setup 1.35 s, rss 86 MB
OPS 0 20 7 10 269 0 0 126 0
OPS 1 3 852 73 243 0 0 217 0
OPS 2 9 1038 86 238 0 0 235 0
OPS 3 4 1347 126 237 0 3 254 0
OPS 4 4 910 72 256 0 0 217 0
OPS 5 5 11 5 269 0 0 154 0
OPS 6 10 9 6 243 0 0 153 0
OPS 7 7 9 6 236 0 0 163 0
OPS 8 4 9 6 236 0 0 189 0
OPS 9 8 8 4 251 0 0 154 0
OPS 10 13 6 9 279 0 0 228 0
OPS 11 10 9 9 245 0 0 157 0
OPS 12 15 5 10 246 0 0 211 0
OPS 13 18 8 13 246 0 0 202 0
OPS 14 18 8 13 259 0 0 187 0
OPS 15 17 7 6 288 0 0 222 0
OPS 16 15 5 7 254 0 0 213 0
OPS 17 23 8 21 264 0 0 236 0
OPS 18 9 4 8 251 0 0 170 0
OPS 19 27 22 13 259 0 0 146 0
    footprint   1000  dirty chunks    26  upload    104.0 KB  topology ops 5024
      stamp+remesh*  p50  16804.74  p95  53510.76  p99  53510.76  max  78182.34  mean  24897.92 us
        stage breakdown (mean us/stamp, 20 reps):
          query      1649.399  ( 6.4%)
          snapshot      0.208  ( 0.0%)
          kernel        1.360  ( 0.0%)
          writeback   972.778  ( 3.8%)
          normals     784.137  ( 3.1%)
          topology   22269.432  (86.7%)
      readback       p50    228.17  p95    421.33  p99    421.33  max    505.52  mean    246.77 us

# peak rss 39 MB
