# bench_extreme_poly: the 7.1 matrix with 7.2's separable stages
# `stage breakdown` is the library's own per-stage timing inside
#   MeshSculptor::stamp (mesh::StageTelemetry). No clock is read when the
#   telemetry pointer is null, which is what let 7.2's remaining stages be
#   timed without perturbing a stamp outside this program.
# spacing 0.0100, 20 repetitions per cell after 4 warm-up stamps
== 100000 vertices ==============================================
  fixed mesh: 99856 vertices, 198450 triangles, 2048 chunks, setup 0.21 s, rss 42 MB
    footprint   1000 (r 0.1784)  workset     999  chunks    35  upload     57.3 KB
      seed           p50      1.26  p95      2.16  p99      2.16  max      2.49  mean      1.38 us
      chunk query    p50      1.03  p95      1.61  p99      1.61  max      1.71  mean      1.06 us
      stamp          p50    351.83  p95    385.14  p99    385.14  max    393.98  mean    355.88 us
      index update   p50    120.34  p95    132.96  p99    132.96  max    136.98  mean    122.69 us
      readback       p50    141.33  p95    154.99  p99    154.99  max    155.67  mean    140.90 us
      TOTAL          p50    620.71  p95    665.51  p99    665.51  max    689.87  mean    621.91 us
        stage breakdown (mean us/stamp, 20 reps):
          seed          0.014  ( 0.0%)
          query        70.812  (20.9%)
          weight      113.070  (33.3%)
          alpha         0.015  ( 0.0%)
          automask      0.013  ( 0.0%)
          snapshot      0.014  ( 0.0%)
          neighbors     0.026  ( 0.0%)
          kernel       10.733  ( 3.2%)
          writeback    20.488  ( 6.0%)
          normals     116.517  (34.3%)
          chunkmark     7.902  ( 2.3%)
    footprint  10000 (r 0.5642)  workset   10004  chunks   288  upload    464.0 KB
      seed           p50      1.54  p95      4.14  p99      4.14  max      6.17  mean      1.87 us
      chunk query    p50      4.84  p95     12.86  p99     12.86  max     27.12  mean      6.11 us
      stamp          p50   3796.29  p95   4348.83  p99   4348.83  max   4387.52  mean   3936.61 us
      index update   p50   1337.21  p95   1601.63  p99   1601.63  max   1678.20  mean   1386.43 us
      readback       p50    908.82  p95    998.85  p99    998.85  max   1086.88  mean    919.28 us
      TOTAL          p50   6036.61  p95   6987.12  p99   6987.12  max   7122.23  mean   6250.31 us
        stage breakdown (mean us/stamp, 20 reps):
          seed          0.019  ( 0.0%)
          query       821.318  (22.2%)
          weight     1212.714  (32.8%)
          alpha         0.023  ( 0.0%)
          automask      0.030  ( 0.0%)
          snapshot      0.048  ( 0.0%)
          neighbors     0.055  ( 0.0%)
          kernel       97.760  ( 2.6%)
          writeback   290.380  ( 7.8%)
          normals    1207.811  (32.6%)
          chunkmark    71.632  ( 1.9%)

== 1000000 vertices ==============================================
  fixed mesh: 1000000 vertices, 1996002 triangles, 16384 chunks, setup 2.76 s, rss 364 MB
    footprint   1000 (r 0.1784)  workset     999  chunks    36  upload     63.2 KB
      seed           p50      1.62  p95      3.61  p99      3.61  max      3.73  mean      1.87 us
      chunk query    p50      1.26  p95      2.18  p99      2.18  max      2.21  mean      1.43 us
      stamp          p50    390.97  p95    452.86  p99    452.86  max    454.07  mean    400.75 us
      index update   p50    114.36  p95    128.47  p99    128.47  max    135.05  mean    117.72 us
      readback       p50    140.78  p95    157.76  p99    157.76  max    157.91  mean    140.57 us
      TOTAL          p50    648.72  p95    724.32  p99    724.32  max    736.08  mean    662.34 us
        stage breakdown (mean us/stamp, 20 reps):
          seed          0.015  ( 0.0%)
          query        81.872  (21.5%)
          weight      124.836  (32.8%)
          alpha         0.014  ( 0.0%)
          automask      0.017  ( 0.0%)
          snapshot      0.019  ( 0.0%)
          neighbors     0.031  ( 0.0%)
          kernel       11.552  ( 3.0%)
          writeback    23.603  ( 6.2%)
          normals     130.151  (34.2%)
          chunkmark     8.833  ( 2.3%)
    footprint  10000 (r 0.5642)  workset   10004  chunks   256  upload    461.7 KB
      seed           p50      1.51  p95      2.31  p99      2.31  max      2.32  mean      1.70 us
      chunk query    p50      4.98  p95      6.95  p99      6.95  max      7.00  mean      5.00 us
      stamp          p50   3897.75  p95   4340.66  p99   4340.66  max   4447.46  mean   3944.20 us
      index update   p50   1168.37  p95   1336.17  p99   1336.17  max   1499.83  mean   1172.59 us
      readback       p50    697.13  p95    805.16  p99    805.16  max    806.94  mean    709.74 us
      TOTAL          p50   5804.96  p95   6380.56  p99   6380.56  max   6563.42  mean   5833.22 us
        stage breakdown (mean us/stamp, 20 reps):
          seed          0.013  ( 0.0%)
          query       832.700  (22.5%)
          weight     1202.505  (32.5%)
          alpha         0.023  ( 0.0%)
          automask      0.018  ( 0.0%)
          snapshot      0.027  ( 0.0%)
          neighbors     0.061  ( 0.0%)
          kernel       94.943  ( 2.6%)
          writeback   299.254  ( 8.1%)
          normals    1198.917  (32.4%)
          chunkmark    73.268  ( 2.0%)

# peak rss 136 MB
