# bench_extreme_poly: the 7.1 matrix with 7.2's separable stages
# `stage breakdown` is the library's own per-stage timing inside
#   MeshSculptor::stamp (mesh::StageTelemetry). No clock is read when the
#   telemetry pointer is null, which is what let 7.2's remaining stages be
#   timed without perturbing a stamp outside this program.
# spacing 0.0100, 20 repetitions per cell after 4 warm-up stamps
== 100000 vertices ==============================================
  adaptive surface: 99856 vertices, 198450 faces, 2048 chunks, setup 0.45 s, rss 86 MB
OPS 0 20 7 10 269 0 0 126 0
OPS 1 3 852 73 243 0 0 217 0
OPS 2 9 1038 86 238 0 0 235 0
OPS 3 4 1347 126 237 0 3 254 0
OPS 4 4 910 72 256 0 0 217 0
OPS 5 5 11 5 269 0 0 154 0
OPS 6 10 9 6 243 0 0 153 0
OPS 7 7 9 6 236 0 0 163 0
OPS 8 4 9 6 236 0 0 189 0
OPS 9 8 8 4 251 0 0 154 0
OPS 10 13 6 9 279 0 0 228 0
OPS 11 10 9 9 245 0 0 157 0
OPS 12 15 5 10 246 0 0 211 0
OPS 13 18 8 13 246 0 0 202 0
OPS 14 18 8 13 259 0 0 187 0
OPS 15 17 7 6 288 0 0 222 0
OPS 16 15 5 7 254 0 0 213 0
OPS 17 23 8 21 264 0 0 236 0
OPS 18 9 4 8 251 0 0 170 0
OPS 19 27 22 13 259 0 0 146 0
    footprint   1000  dirty chunks    26  upload    104.0 KB  topology ops 5024
      stamp+remesh*  p50   5904.85  p95  14905.47  p99  14905.47  max  18769.39  mean   7761.40 us
        stage breakdown (mean us/stamp, 20 reps):
          query       454.856  ( 5.7%)
          snapshot      0.029  ( 0.0%)
          kernel        0.357  ( 0.0%)
          writeback   278.069  ( 3.5%)
          normals     195.208  ( 2.5%)
          topology   7026.745  (88.3%)
      readback       p50     53.64  p95     87.63  p99     87.63  max     95.75  mean     56.43 us

# peak rss 39 MB
